// Jest Snapshot v1, https://goo.gl/fbAQLP

exports[`test button successfully should render the button 1`] = `
<div>
  <button>
    Login
  </button>
</div>
`;
